


ARM Macro Assembler    Page 1 


    1 00000000         ; ce programme est pour l'assembleur RealView (Keil)
    2 00000000                 thumb
    3 00000000                 area             moncode, code, readonly
    4 00000000                 export           somme       ;
    5 00000000                 extern           TabSin
    6 00000000                 extern           TabCos
    7 00000000         ;
    8 00000000         somme   proc
    9 00000000         ; M est dans r0
   10 00000000 B500            push             {lr}
   11 00000002         
   12 00000002 4904            ldr              r1, =TabSin ; adresse de TabSin
                                                             dans r1
   13 00000004 5E09            ldrsh            r1, [r1, r0] ; r1 = r1 + M*8
   14 00000006         ; r1 = TabSin[M/2]
   15 00000006 4A04            ldr              r2, =TabCos ; adresse de TabCos
                                                             dans r2
   16 00000008 5E12            ldrsh            r2, [r2, r0]
   17 0000000A         
   18 0000000A FB01 F301       mul              r3, r1, r1
   19 0000000E FB02 3002       mla              r0, r2, r2, r3
   20 00000012         ;valeur de retour dans r0
   21 00000012         
   22 00000012 BD00            pop              {pc}
   23 00000014                 endp
   24 00000014                 end
              00000000 
              00000000 
Command Line: --debug --xref --diag_suppress=9931 --cpu=Cortex-M3 --apcs=interw
ork --depend=.\obj\trigo.d -o.\obj\trigo.o -I.\RTE\_Simu -IC:\Users\Ben\AppData
\Local\Arm\Packs\ARM\CMSIS\5.6.0\CMSIS\Core\Include -IC:\Users\Ben\AppData\Loca
l\Arm\Packs\Keil\STM32F1xx_DFP\2.3.0\Device\Include --predefine="__EVAL SETA 1"
 --predefine="__MICROLIB SETA 1" --predefine="__UVISION_VERSION SETA 529" --pre
define="_RTE_ SETA 1" --predefine="STM32F10X_MD SETA 1" --list=trigo.lst Src\tr
igo.s



ARM Macro Assembler    Page 1 Alphabetic symbol ordering
Relocatable symbols

moncode 00000000

Symbol: moncode
   Definitions
      At line 3 in file Src\trigo.s
   Uses
      None
Comment: moncode unused
somme 00000000

Symbol: somme
   Definitions
      At line 8 in file Src\trigo.s
   Uses
      At line 4 in file Src\trigo.s
Comment: somme used once
2 symbols



ARM Macro Assembler    Page 1 Alphabetic symbol ordering
External symbols

TabCos 00000000

Symbol: TabCos
   Definitions
      At line 6 in file Src\trigo.s
   Uses
      At line 15 in file Src\trigo.s
Comment: TabCos used once
TabSin 00000000

Symbol: TabSin
   Definitions
      At line 5 in file Src\trigo.s
   Uses
      At line 12 in file Src\trigo.s
Comment: TabSin used once
2 symbols
341 symbols in table
